[2026-08-14 06:35:00] production.ERROR: No application encryption key has been specified. {"exception":"[object] (Illuminate\\Encryption\\MissingAppKeyException(code: 0): No application encryption key has been specified. at /home/saleh/Desktop/Systems/Systems/goal-tracker/vendor/laravel/framework/src/Illuminate/Encryption/EncryptionServiceProvider.php:83)
[stacktrace]
#0 /home/saleh/Desktop/Systems/Systems/goal-tracker/vendor/laravel/framework/src/Illuminate/Support/helpers.php(393): Illuminate\\Encryption\\EncryptionServiceProvider->{closure:Illuminate\\Encryption\\EncryptionServiceProvider::key():81}()
#1 /home/saleh/Desktop/Systems/Systems/goal-tracker/vendor/laravel/framework/src/Illuminate/Encryption/EncryptionServiceProvider.php(81): tap()
#2 /home/saleh/Desktop/Systems/Systems/goal-tracker/vendor/laravel/framework/src/Illuminate/Encryption/EncryptionServiceProvider.php(64): Illuminate\\Encryption\\EncryptionServiceProvider->key()
#3 /home/saleh/Desktop/Systems/Systems/goal-tracker/vendor/laravel/framework/src/Illuminate/Encryption/EncryptionServiceProvider.php(32): Illuminate\\Encryption\\EncryptionServiceProvider->parseKey()
#4 /home/saleh/Desktop/Systems/Systems/goal-tracker/vendor/laravel/framework/src/Illuminate/Container/Container.php(1138): Illuminate\\Encryption\\EncryptionServiceProvider->{closure:Illuminate\\Encryption\\EncryptionServiceProvider::registerEncrypter():29}()
#5 /home/saleh/Desktop/Systems/Systems/goal-tracker/vendor/laravel/framework/src/Illuminate/Container/Container.php(937): Illuminate\\Container\\Container->build()
#6 /home/saleh/Desktop/Systems/Systems/goal-tracker/vendor/laravel/framework/src/Illuminate/Foundation/Application.php(1085): Illuminate\\Container\\Container->resolve()
#7 /home/saleh/Desktop/Systems/Systems/goal-tracker/vendor/laravel/framework/src/Illuminate/Container/Container.php(865): Illuminate\\Foundation\\Application->resolve()
#8 /home/saleh/Desktop/Systems/Systems/goal-tracker/vendor/laravel/framework/src/Illuminate/Foundation/Application.php(1065): Illuminate\\Container\\Container->make()
#9 /home/saleh/Desktop/Systems/Systems/goal-tracker/vendor/laravel/framework/src/Illuminate/Container/Container.php(1359): Illuminate\\Foundation\\Application->make()
#10 /home/saleh/Desktop/Systems/Systems/goal-tracker/vendor/laravel/framework/src/Illuminate/Container/Container.php(1260): Illuminate\\Container\\Container->resolveClass()
#11 /home/saleh/Desktop/Systems/Systems/goal-tracker/vendor/laravel/framework/src/Illuminate/Container/Container.php(1185): Illuminate\\Container\\Container->resolveDependencies()
#12 /home/saleh/Desktop/Systems/Systems/goal-tracker/vendor/laravel/framework/src/Illuminate/Container/Container.php(937): Illuminate\\Container\\Container->build()
#13 /home/saleh/Desktop/Systems/Systems/goal-tracker/vendor/laravel/framework/src/Illuminate/Foundation/Application.php(1085): Illuminate\\Container\\Container->resolve()
#14 /home/saleh/Desktop/Systems/Systems/goal-tracker/vendor/laravel/framework/src/Illuminate/Container/Container.php(865): Illuminate\\Foundation\\Application->resolve()
#15 /home/saleh/Desktop/Systems/Systems/goal-tracker/vendor/laravel/framework/src/Illuminate/Foundation/Application.php(1065): Illuminate\\Container\\Container->make()
#16 /home/saleh/Desktop/Systems/Systems/goal-tracker/vendor/laravel/framework/src/Illuminate/Pipeline/Pipeline.php(208): Illuminate\\Foundation\\Application->make()
#17 /home/saleh/Desktop/Systems/Systems/goal-tracker/vendor/laravel/framework/src/Illuminate/Pipeline/Pipeline.php(137): Illuminate\\Pipeline\\Pipeline->{closure:{closure:Illuminate\\Pipeline\\Pipeline::carry():194}:195}()
#18 /home/saleh/Desktop/Systems/Systems/goal-tracker/vendor/laravel/framework/src/Illuminate/Routing/Router.php(821): Illuminate\\Pipeline\\Pipeline->then()
#19 /home/saleh/Desktop/Systems/Systems/goal-tracker/vendor/laravel/framework/src/Illuminate/Routing/Router.php(800): Illuminate\\Routing\\Router->runRouteWithinStack()
#20 /home/saleh/Desktop/Systems/Systems/goal-tracker/vendor/laravel/framework/src/Illuminate/Routing/Router.php(764): Illuminate\\Routing\\Router->runRoute()
#21 /home/saleh/Desktop/Systems/Systems/goal-tracker/vendor/laravel/framework/src/Illuminate/Routing/Router.php(753): Illuminate\\Routing\\Router->dispatchToRoute()
#22 /home/saleh/Desktop/Systems/Systems/goal-tracker/vendor/laravel/framework/src/Illuminate/Foundation/Http/Kernel.php(200): Illuminate\\Routing\\Router->dispatch()
#23 /home/saleh/Desktop/Systems/Systems/goal-tracker/vendor/laravel/framework/src/Illuminate/Pipeline/Pipeline.php(180): Illuminate\\Foundation\\Http\\Kernel->{closure:Illuminate\\Foundation\\Http\\Kernel::dispatchToRouter():197}()
#24 /home/saleh/Desktop/Systems/Systems/goal-tracker/vendor/laravel/framework/src/Illuminate/Foundation/Http/Middleware/TransformsRequest.php(21): Illuminate\\Pipeline\\Pipeline->{closure:Illuminate\\Pipeline\\Pipeline::prepareDestination():178}()
#25 /home/saleh/Desktop/Systems/Systems/goal-tracker/vendor/laravel/framework/src/Illuminate/Foundation/Http/Middleware/ConvertEmptyStringsToNull.php(31): Illuminate\\Foundation\\Http\\Middleware\\TransformsRequest->handle()
#26 /home/saleh/Desktop/Systems/Systems/goal-tracker/vendor/laravel/framework/src/Illuminate/Pipeline/Pipeline.php(219): Illuminate\\Foundation\\Http\\Middleware\\ConvertEmptyStringsToNull->handle()
#27 /home/saleh/Desktop/Systems/Systems/goal-tracker/vendor/laravel/framework/src/Illuminate/Foundation/Http/Middleware/TransformsRequest.php(21): Illuminate\\Pipeline\\Pipeline->{closure:{closure:Illuminate\\Pipeline\\Pipeline::carry():194}:195}()
#28 /home/saleh/Desktop/Systems/Systems/goal-tracker/vendor/laravel/framework/src/Illuminate/Foundation/Http/Middleware/TrimStrings.php(51): Illuminate\\Foundation\\Http\\Middleware\\TransformsRequest->handle()
#29 /home/saleh/Desktop/Systems/Systems/goal-tracker/vendor/laravel/framework/src/Illuminate/Pipeline/Pipeline.php(219): Illuminate\\Foundation\\Http\\Middleware\\TrimStrings->handle()
#30 /home/saleh/Desktop/Systems/Systems/goal-tracker/vendor/laravel/framework/src/Illuminate/Http/Middleware/ValidatePostSize.php(27): Illuminate\\Pipeline\\Pipeline->{closure:{closure:Illuminate\\Pipeline\\Pipeline::carry():194}:195}()
#31 /home/saleh/Desktop/Systems/Systems/goal-tracker/vendor/laravel/framework/src/Illuminate/Pipeline/Pipeline.php(219): Illuminate\\Http\\Middleware\\ValidatePostSize->handle()
#32 /home/saleh/Desktop/Systems/Systems/goal-tracker/vendor/laravel/framework/src/Illuminate/Foundation/Http/Middleware/PreventRequestsDuringMaintenance.php(110): Illuminate\\Pipeline\\Pipeline->{closure:{closure:Illuminate\\Pipeline\\Pipeline::carry():194}:195}()
#33 /home/saleh/Desktop/Systems/Systems/goal-tracker/vendor/laravel/framework/src/Illuminate/Pipeline/Pipeline.php(219): Illuminate\\Foundation\\Http\\Middleware\\PreventRequestsDuringMaintenance->handle()
#34 /home/saleh/Desktop/Systems/Systems/goal-tracker/vendor/laravel/framework/src/Illuminate/Http/Middleware/HandleCors.php(61): Illuminate\\Pipeline\\Pipeline->{closure:{closure:Illuminate\\Pipeline\\Pipeline::carry():194}:195}()
#35 /home/saleh/Desktop/Systems/Systems/goal-tracker/vendor/laravel/framework/src/Illuminate/Pipeline/Pipeline.php(219): Illuminate\\Http\\Middleware\\HandleCors->handle()
#36 /home/saleh/Desktop/Systems/Systems/goal-tracker/vendor/laravel/framework/src/Illuminate/Http/Middleware/TrustProxies.php(58): Illuminate\\Pipeline\\Pipeline->{closure:{closure:Illuminate\\Pipeline\\Pipeline::carry():194}:195}()
#37 /home/saleh/Desktop/Systems/Systems/goal-tracker/vendor/laravel/framework/src/Illuminate/Pipeline/Pipeline.php(219): Illuminate\\Http\\Middleware\\TrustProxies->handle()
#38 /home/saleh/Desktop/Systems/Systems/goal-tracker/vendor/laravel/framework/src/Illuminate/Foundation/Http/Middleware/InvokeDeferredCallbacks.php(22): Illuminate\\Pipeline\\Pipeline->{closure:{closure:Illuminate\\Pipeline\\Pipeline::carry():194}:195}()
#39 /home/saleh/Desktop/Systems/Systems/goal-tracker/vendor/laravel/framework/src/Illuminate/Pipeline/Pipeline.php(219): Illuminate\\Foundation\\Http\\Middleware\\InvokeDeferredCallbacks->handle()
#40 /home/saleh/Desktop/Systems/Systems/goal-tracker/vendor/laravel/framework/src/Illuminate/Http/Middleware/ValidatePathEncoding.php(28): Illuminate\\Pipeline\\Pipeline->{closure:{closure:Illuminate\\Pipeline\\Pipeline::carry():194}:195}()
#41 /home/saleh/Desktop/Systems/Systems/goal-tracker/vendor/laravel/framework/src/Illuminate/Pipeline/Pipeline.php(219): Illuminate\\Http\\Middleware\\ValidatePathEncoding->handle()
#42 /home/saleh/Desktop/Systems/Systems/goal-tracker/vendor/laravel/framework/src/Illuminate/Pipeline/Pipeline.php(137): Illuminate\\Pipeline\\Pipeline->{closure:{closure:Illuminate\\Pipeline\\Pipeline::carry():194}:195}()
#43 /home/saleh/Desktop/Systems/Systems/goal-tracker/vendor/laravel/framework/src/Illuminate/Foundation/Http/Kernel.php(175): Illuminate\\Pipeline\\Pipeline->then()
#44 /home/saleh/Desktop/Systems/Systems/goal-tracker/vendor/laravel/framework/src/Illuminate/Foundation/Http/Kernel.php(144): Illuminate\\Foundation\\Http\\Kernel->sendRequestThroughRouter()
#45 /home/saleh/Desktop/Systems/Systems/goal-tracker/vendor/laravel/framework/src/Illuminate/Foundation/Application.php(1227): Illuminate\\Foundation\\Http\\Kernel->handle()
#46 /home/saleh/Desktop/Systems/Systems/goal-tracker/public/index.php(17): Illuminate\\Foundation\\Application->handleRequest()
#47 /home/saleh/Desktop/Systems/Systems/goal-tracker/vendor/laravel/framework/src/Illuminate/Foundation/resources/server.php(23): require_once('...')
#48 {main}
"} 
[2026-08-14 06:35:00] production.ERROR: No application encryption key has been specified. {"exception":"[object] (Illuminate\\Encryption\\MissingAppKeyException(code: 0): No application encryption key has been specified. at /home/saleh/Desktop/Systems/Systems/goal-tracker/vendor/laravel/framework/src/Illuminate/Encryption/EncryptionServiceProvider.php:83)
[stacktrace]
#0 /home/saleh/Desktop/Systems/Systems/goal-tracker/vendor/laravel/framework/src/Illuminate/Support/helpers.php(393): Illuminate\\Encryption\\EncryptionServiceProvider->{closure:Illuminate\\Encryption\\EncryptionServiceProvider::key():81}()
#1 /home/saleh/Desktop/Systems/Systems/goal-tracker/vendor/laravel/framework/src/Illuminate/Encryption/EncryptionServiceProvider.php(81): tap()
#2 /home/saleh/Desktop/Systems/Systems/goal-tracker/vendor/laravel/framework/src/Illuminate/Encryption/EncryptionServiceProvider.php(64): Illuminate\\Encryption\\EncryptionServiceProvider->key()
#3 /home/saleh/Desktop/Systems/Systems/goal-tracker/vendor/laravel/framework/src/Illuminate/Encryption/EncryptionServiceProvider.php(32): Illuminate\\Encryption\\EncryptionServiceProvider->parseKey()
#4 /home/saleh/Desktop/Systems/Systems/goal-tracker/vendor/laravel/framework/src/Illuminate/Container/Container.php(1138): Illuminate\\Encryption\\EncryptionServiceProvider->{closure:Illuminate\\Encryption\\EncryptionServiceProvider::registerEncrypter():29}()
#5 /home/saleh/Desktop/Systems/Systems/goal-tracker/vendor/laravel/framework/src/Illuminate/Container/Container.php(937): Illuminate\\Container\\Container->build()
#6 /home/saleh/Desktop/Systems/Systems/goal-tracker/vendor/laravel/framework/src/Illuminate/Foundation/Application.php(1085): Illuminate\\Container\\Container->resolve()
#7 /home/saleh/Desktop/Systems/Systems/goal-tracker/vendor/laravel/framework/src/Illuminate/Container/Container.php(865): Illuminate\\Foundation\\Application->resolve()
#8 /home/saleh/Desktop/Systems/Systems/goal-tracker/vendor/laravel/framework/src/Illuminate/Foundation/Application.php(1065): Illuminate\\Container\\Container->make()
#9 /home/saleh/Desktop/Systems/Systems/goal-tracker/vendor/laravel/framework/src/Illuminate/Container/Container.php(1359): Illuminate\\Foundation\\Application->make()
#10 /home/saleh/Desktop/Systems/Systems/goal-tracker/vendor/laravel/framework/src/Illuminate/Container/Container.php(1260): Illuminate\\Container\\Container->resolveClass()
#11 /home/saleh/Desktop/Systems/Systems/goal-tracker/vendor/laravel/framework/src/Illuminate/Container/Container.php(1185): Illuminate\\Container\\Container->resolveDependencies()
#12 /home/saleh/Desktop/Systems/Systems/goal-tracker/vendor/laravel/framework/src/Illuminate/Container/Container.php(937): Illuminate\\Container\\Container->build()
#13 /home/saleh/Desktop/Systems/Systems/goal-tracker/vendor/laravel/framework/src/Illuminate/Foundation/Application.php(1085): Illuminate\\Container\\Container->resolve()
#14 /home/saleh/Desktop/Systems/Systems/goal-tracker/vendor/laravel/framework/src/Illuminate/Container/Container.php(865): Illuminate\\Foundation\\Application->resolve()
#15 /home/saleh/Desktop/Systems/Systems/goal-tracker/vendor/laravel/framework/src/Illuminate/Foundation/Application.php(1065): Illuminate\\Container\\Container->make()
#16 /home/saleh/Desktop/Systems/Systems/goal-tracker/vendor/laravel/framework/src/Illuminate/Foundation/Http/Kernel.php(257): Illuminate\\Foundation\\Application->make()
#17 /home/saleh/Desktop/Systems/Systems/goal-tracker/vendor/laravel/framework/src/Illuminate/Foundation/Http/Kernel.php(215): Illuminate\\Foundation\\Http\\Kernel->terminateMiddleware()
#18 /home/saleh/Desktop/Systems/Systems/goal-tracker/vendor/laravel/framework/src/Illuminate/Foundation/Application.php(1229): Illuminate\\Foundation\\Http\\Kernel->terminate()
#19 /home/saleh/Desktop/Systems/Systems/goal-tracker/public/index.php(17): Illuminate\\Foundation\\Application->handleRequest()
#20 /home/saleh/Desktop/Systems/Systems/goal-tracker/vendor/laravel/framework/src/Illuminate/Foundation/resources/server.php(23): require_once('...')
#21 {main}
"} 
[2026-08-14 06:35:00] production.ERROR: Uncaught ErrorException: Cannot modify header information - headers already sent by (output started at /home/saleh/Desktop/Systems/Systems/goal-tracker/vendor/symfony/http-foundation/Response.php:393) in /home/saleh/Desktop/Systems/Systems/goal-tracker/vendor/symfony/http-foundation/Response.php:328
Stack trace:
#0 /home/saleh/Desktop/Systems/Systems/goal-tracker/vendor/laravel/framework/src/Illuminate/Foundation/Bootstrap/HandleExceptions.php(263): Illuminate\Foundation\Bootstrap\HandleExceptions->handleError()
#1 [internal function]: Illuminate\Foundation\Bootstrap\HandleExceptions->{closure:Illuminate\Foundation\Bootstrap\HandleExceptions::forwardsTo():262}()
#2 /home/saleh/Desktop/Systems/Systems/goal-tracker/vendor/symfony/http-foundation/Response.php(328): header()
#3 /home/saleh/Desktop/Systems/Systems/goal-tracker/vendor/symfony/http-foundation/Response.php(407): Symfony\Component\HttpFoundation\Response->sendHeaders()
#4 /home/saleh/Desktop/Systems/Systems/goal-tracker/vendor/laravel/framework/src/Illuminate/Foundation/Bootstrap/HandleExceptions.php(226): Symfony\Component\HttpFoundation\Response->send()
#5 /home/saleh/Desktop/Systems/Systems/goal-tracker/vendor/laravel/framework/src/Illuminate/Foundation/Bootstrap/HandleExceptions.php(203): Illuminate\Foundation\Bootstrap\HandleExceptions->renderHttpResponse()
#6 /home/saleh/Desktop/Systems/Systems/goal-tracker/vendor/laravel/framework/src/Illuminate/Foundation/Bootstrap/HandleExceptions.php(263): Illuminate\Foundation\Bootstrap\HandleExceptions->handleException()
#7 [internal function]: Illuminate\Foundation\Bootstrap\HandleExceptions->{closure:Illuminate\Foundation\Bootstrap\HandleExceptions::forwardsTo():262}()
#8 {main}
  thrown {"exception":"[object] (Symfony\\Component\\ErrorHandler\\Error\\FatalError(code: 0): Uncaught ErrorException: Cannot modify header information - headers already sent by (output started at /home/saleh/Desktop/Systems/Systems/goal-tracker/vendor/symfony/http-foundation/Response.php:393) in /home/saleh/Desktop/Systems/Systems/goal-tracker/vendor/symfony/http-foundation/Response.php:328
Stack trace:
#0 /home/saleh/Desktop/Systems/Systems/goal-tracker/vendor/laravel/framework/src/Illuminate/Foundation/Bootstrap/HandleExceptions.php(263): Illuminate\\Foundation\\Bootstrap\\HandleExceptions->handleError()
#1 [internal function]: Illuminate\\Foundation\\Bootstrap\\HandleExceptions->{closure:Illuminate\\Foundation\\Bootstrap\\HandleExceptions::forwardsTo():262}()
#2 /home/saleh/Desktop/Systems/Systems/goal-tracker/vendor/symfony/http-foundation/Response.php(328): header()
#3 /home/saleh/Desktop/Systems/Systems/goal-tracker/vendor/symfony/http-foundation/Response.php(407): Symfony\\Component\\HttpFoundation\\Response->sendHeaders()
#4 /home/saleh/Desktop/Systems/Systems/goal-tracker/vendor/laravel/framework/src/Illuminate/Foundation/Bootstrap/HandleExceptions.php(226): Symfony\\Component\\HttpFoundation\\Response->send()
#5 /home/saleh/Desktop/Systems/Systems/goal-tracker/vendor/laravel/framework/src/Illuminate/Foundation/Bootstrap/HandleExceptions.php(203): Illuminate\\Foundation\\Bootstrap\\HandleExceptions->renderHttpResponse()
#6 /home/saleh/Desktop/Systems/Systems/goal-tracker/vendor/laravel/framework/src/Illuminate/Foundation/Bootstrap/HandleExceptions.php(263): Illuminate\\Foundation\\Bootstrap\\HandleExceptions->handleException()
#7 [internal function]: Illuminate\\Foundation\\Bootstrap\\HandleExceptions->{closure:Illuminate\\Foundation\\Bootstrap\\HandleExceptions::forwardsTo():262}()
#8 {main}
  thrown at /home/saleh/Desktop/Systems/Systems/goal-tracker/vendor/symfony/http-foundation/Response.php:328)
[stacktrace]
#0 {main}
"} 
[2026-08-14 06:35:24] production.ERROR: There are no commands defined in the "generate" namespace. {"exception":"[object] (Symfony\\Component\\Console\\Exception\\NamespaceNotFoundException(code: 0): There are no commands defined in the \"generate\" namespace. at /home/saleh/Desktop/Systems/Systems/goal-tracker/vendor/symfony/console/Application.php:716)
[stacktrace]
#0 /home/saleh/Desktop/Systems/Systems/goal-tracker/vendor/symfony/console/Application.php(769): Symfony\\Component\\Console\\Application->findNamespace()
#1 /home/saleh/Desktop/Systems/Systems/goal-tracker/vendor/symfony/console/Application.php(321): Symfony\\Component\\Console\\Application->find()
#2 /home/saleh/Desktop/Systems/Systems/goal-tracker/vendor/symfony/console/Application.php(218): Symfony\\Component\\Console\\Application->doRun()
#3 /home/saleh/Desktop/Systems/Systems/goal-tracker/vendor/laravel/framework/src/Illuminate/Foundation/Console/Kernel.php(198): Symfony\\Component\\Console\\Application->run()
#4 /home/saleh/Desktop/Systems/Systems/goal-tracker/vendor/laravel/framework/src/Illuminate/Foundation/Application.php(1242): Illuminate\\Foundation\\Console\\Kernel->handle()
#5 /home/saleh/Desktop/Systems/Systems/goal-tracker/artisan(13): Illuminate\\Foundation\\Application->handleCommand()
#6 {main}
"} 
[2026-08-14 06:35:32] production.ERROR: There are no commands defined in the "generate" namespace. {"exception":"[object] (Symfony\\Component\\Console\\Exception\\NamespaceNotFoundException(code: 0): There are no commands defined in the \"generate\" namespace. at /home/saleh/Desktop/Systems/Systems/goal-tracker/vendor/symfony/console/Application.php:716)
[stacktrace]
#0 /home/saleh/Desktop/Systems/Systems/goal-tracker/vendor/symfony/console/Application.php(769): Symfony\\Component\\Console\\Application->findNamespace()
#1 /home/saleh/Desktop/Systems/Systems/goal-tracker/vendor/symfony/console/Application.php(321): Symfony\\Component\\Console\\Application->find()
#2 /home/saleh/Desktop/Systems/Systems/goal-tracker/vendor/symfony/console/Application.php(218): Symfony\\Component\\Console\\Application->doRun()
#3 /home/saleh/Desktop/Systems/Systems/goal-tracker/vendor/laravel/framework/src/Illuminate/Foundation/Console/Kernel.php(198): Symfony\\Component\\Console\\Application->run()
#4 /home/saleh/Desktop/Systems/Systems/goal-tracker/vendor/laravel/framework/src/Illuminate/Foundation/Application.php(1242): Illuminate\\Foundation\\Console\\Kernel->handle()
#5 /home/saleh/Desktop/Systems/Systems/goal-tracker/artisan(13): Illuminate\\Foundation\\Application->handleCommand()
#6 {main}
"} 
[2026-08-14 06:36:26] local.ERROR: Database file at path [/home/saleh/Desktop/Systems/Systems/goal-tracker/database/database.sqlite] does not exist. Ensure this is an absolute path to the database. (Connection: sqlite, Database: /home/saleh/Desktop/Systems/Systems/goal-tracker/database/database.sqlite, SQL: select * from "sessions" where "id" = hLtSs3QnE7yfbPz3zQjm04PQDk5bXOt6WkzObQdn limit 1) {"exception":"[object] (Illuminate\\Database\\QueryException(code: 0): Database file at path [/home/saleh/Desktop/Systems/Systems/goal-tracker/database/database.sqlite] does not exist. Ensure this is an absolute path to the database. (Connection: sqlite, Database: /home/saleh/Desktop/Systems/Systems/goal-tracker/database/database.sqlite, SQL: select * from \"sessions\" where \"id\" = hLtSs3QnE7yfbPz3zQjm04PQDk5bXOt6WkzObQdn limit 1) at /home/saleh/Desktop/Systems/Systems/goal-tracker/vendor/laravel/framework/src/Illuminate/Database/Connection.php:857)
[stacktrace]
#0 /home/saleh/Desktop/Systems/Systems/goal-tracker/vendor/laravel/framework/src/Illuminate/Database/Connection.php(813): Illuminate\\Database\\Connection->runQueryCallback()
#1 /home/saleh/Desktop/Systems/Systems/goal-tracker/vendor/laravel/framework/src/Illuminate/Database/Connection.php(426): Illuminate\\Database\\Connection->run()
#2 /home/saleh/Desktop/Systems/Systems/goal-tracker/vendor/laravel/framework/src/Illuminate/Database/Query/Builder.php(3573): Illuminate\\Database\\Connection->select()
#3 /home/saleh/Desktop/Systems/Systems/goal-tracker/vendor/laravel/framework/src/Illuminate/Database/Query/Builder.php(3557): Illuminate\\Database\\Query\\Builder->runSelect()
#4 /home/saleh/Desktop/Systems/Systems/goal-tracker/vendor/laravel/framework/src/Illuminate/Database/Concerns/BuildsQueries.php(366): Illuminate\\Database\\Query\\Builder->get()
#5 /home/saleh/Desktop/Systems/Systems/goal-tracker/vendor/laravel/framework/src/Illuminate/Database/Query/Builder.php(3475): Illuminate\\Database\\Query\\Builder->first()
#6 /home/saleh/Desktop/Systems/Systems/goal-tracker/vendor/laravel/framework/src/Illuminate/Session/DatabaseSessionHandler.php(96): Illuminate\\Database\\Query\\Builder->find()
#7 /home/saleh/Desktop/Systems/Systems/goal-tracker/vendor/laravel/framework/src/Illuminate/Session/Store.php(128): Illuminate\\Session\\DatabaseSessionHandler->read()
#8 /home/saleh/Desktop/Systems/Systems/goal-tracker/vendor/laravel/framework/src/Illuminate/Session/Store.php(116): Illuminate\\Session\\Store->readFromHandler()
#9 /home/saleh/Desktop/Systems/Systems/goal-tracker/vendor/laravel/framework/src/Illuminate/Session/Store.php(100): Illuminate\\Session\\Store->loadSession()
#10 /home/saleh/Desktop/Systems/Systems/goal-tracker/vendor/laravel/framework/src/Illuminate/Session/Middleware/StartSession.php(146): Illuminate\\Session\\Store->start()
#11 /home/saleh/Desktop/Systems/Systems/goal-tracker/vendor/laravel/framework/src/Illuminate/Support/helpers.php(393): Illuminate\\Session\\Middleware\\StartSession->{closure:Illuminate\\Session\\Middleware\\StartSession::startSession():143}()
#12 /home/saleh/Desktop/Systems/Systems/goal-tracker/vendor/laravel/framework/src/Illuminate/Session/Middleware/StartSession.php(143): tap()
#13 /home/saleh/Desktop/Systems/Systems/goal-tracker/vendor/laravel/framework/src/Illuminate/Session/Middleware/StartSession.php(115): Illuminate\\Session\\Middleware\\StartSession->startSession()
#14 /home/saleh/Desktop/Systems/Systems/goal-tracker/vendor/laravel/framework/src/Illuminate/Session/Middleware/StartSession.php(63): Illuminate\\Session\\Middleware\\StartSession->handleStatefulRequest()
#15 /home/saleh/Desktop/Systems/Systems/goal-tracker/vendor/laravel/framework/src/Illuminate/Pipeline/Pipeline.php(219): Illuminate\\Session\\Middleware\\StartSession->handle()
#16 /home/saleh/Desktop/Systems/Systems/goal-tracker/vendor/laravel/framework/src/Illuminate/Cookie/Middleware/AddQueuedCookiesToResponse.php(36): Illuminate\\Pipeline\\Pipeline->{closure:{closure:Illuminate\\Pipeline\\Pipeline::carry():194}:195}()
#17 /home/saleh/Desktop/Systems/Systems/goal-tracker/vendor/laravel/framework/src/Illuminate/Pipeline/Pipeline.php(219): Illuminate\\Cookie\\Middleware\\AddQueuedCookiesToResponse->handle()
#18 /home/saleh/Desktop/Systems/Systems/goal-tracker/vendor/laravel/framework/src/Illuminate/Cookie/Middleware/EncryptCookies.php(74): Illuminate\\Pipeline\\Pipeline->{closure:{closure:Illuminate\\Pipeline\\Pipeline::carry():194}:195}()
#19 /home/saleh/Desktop/Systems/Systems/goal-tracker/vendor/laravel/framework/src/Illuminate/Pipeline/Pipeline.php(219): Illuminate\\Cookie\\Middleware\\EncryptCookies->handle()
#20 /home/saleh/Desktop/Systems/Systems/goal-tracker/vendor/laravel/framework/src/Illuminate/Pipeline/Pipeline.php(137): Illuminate\\Pipeline\\Pipeline->{closure:{closure:Illuminate\\Pipeline\\Pipeline::carry():194}:195}()
#21 /home/saleh/Desktop/Systems/Systems/goal-tracker/vendor/laravel/framework/src/Illuminate/Routing/Router.php(821): Illuminate\\Pipeline\\Pipeline->then()
#22 /home/saleh/Desktop/Systems/Systems/goal-tracker/vendor/laravel/framework/src/Illuminate/Routing/Router.php(800): Illuminate\\Routing\\Router->runRouteWithinStack()
#23 /home/saleh/Desktop/Systems/Systems/goal-tracker/vendor/laravel/framework/src/Illuminate/Routing/Router.php(764): Illuminate\\Routing\\Router->runRoute()
#24 /home/saleh/Desktop/Systems/Systems/goal-tracker/vendor/laravel/framework/src/Illuminate/Routing/Router.php(753): Illuminate\\Routing\\Router->dispatchToRoute()
#25 /home/saleh/Desktop/Systems/Systems/goal-tracker/vendor/laravel/framework/src/Illuminate/Foundation/Http/Kernel.php(200): Illuminate\\Routing\\Router->dispatch()
#26 /home/saleh/Desktop/Systems/Systems/goal-tracker/vendor/laravel/framework/src/Illuminate/Pipeline/Pipeline.php(180): Illuminate\\Foundation\\Http\\Kernel->{closure:Illuminate\\Foundation\\Http\\Kernel::dispatchToRouter():197}()
#27 /home/saleh/Desktop/Systems/Systems/goal-tracker/vendor/laravel/framework/src/Illuminate/Foundation/Http/Middleware/TransformsRequest.php(21): Illuminate\\Pipeline\\Pipeline->{closure:Illuminate\\Pipeline\\Pipeline::prepareDestination():178}()
#28 /home/saleh/Desktop/Systems/Systems/goal-tracker/vendor/laravel/framework/src/Illuminate/Foundation/Http/Middleware/ConvertEmptyStringsToNull.php(31): Illuminate\\Foundation\\Http\\Middleware\\TransformsRequest->handle()
#29 /home/saleh/Desktop/Systems/Systems/goal-tracker/vendor/laravel/framework/src/Illuminate/Pipeline/Pipeline.php(219): Illuminate\\Foundation\\Http\\Middleware\\ConvertEmptyStringsToNull->handle()
#30 /home/saleh/Desktop/Systems/Systems/goal-tracker/vendor/laravel/framework/src/Illuminate/Foundation/Http/Middleware/TransformsRequest.php(21): Illuminate\\Pipeline\\Pipeline->{closure:{closure:Illuminate\\Pipeline\\Pipeline::carry():194}:195}()
#31 /home/saleh/Desktop/Systems/Systems/goal-tracker/vendor/laravel/framework/src/Illuminate/Foundation/Http/Middleware/TrimStrings.php(51): Illuminate\\Foundation\\Http\\Middleware\\TransformsRequest->handle()
#32 /home/saleh/Desktop/Systems/Systems/goal-tracker/vendor/laravel/framework/src/Illuminate/Pipeline/Pipeline.php(219): Illuminate\\Foundation\\Http\\Middleware\\TrimStrings->handle()
#33 /home/saleh/Desktop/Systems/Systems/goal-tracker/vendor/laravel/framework/src/Illuminate/Http/Middleware/ValidatePostSize.php(27): Illuminate\\Pipeline\\Pipeline->{closure:{closure:Illuminate\\Pipeline\\Pipeline::carry():194}:195}()
#34 /home/saleh/Desktop/Systems/Systems/goal-tracker/vendor/laravel/framework/src/Illuminate/Pipeline/Pipeline.php(219): Illuminate\\Http\\Middleware\\ValidatePostSize->handle()
#35 /home/saleh/Desktop/Systems/Systems/goal-tracker/vendor/laravel/framework/src/Illuminate/Foundation/Http/Middleware/PreventRequestsDuringMaintenance.php(110): Illuminate\\Pipeline\\Pipeline->{closure:{closure:Illuminate\\Pipeline\\Pipeline::carry():194}:195}()
#36 /home/saleh/Desktop/Systems/Systems/goal-tracker/vendor/laravel/framework/src/Illuminate/Pipeline/Pipeline.php(219): Illuminate\\Foundation\\Http\\Middleware\\PreventRequestsDuringMaintenance->handle()
#37 /home/saleh/Desktop/Systems/Systems/goal-tracker/vendor/laravel/framework/src/Illuminate/Http/Middleware/HandleCors.php(61): Illuminate\\Pipeline\\Pipeline->{closure:{closure:Illuminate\\Pipeline\\Pipeline::carry():194}:195}()
#38 /home/saleh/Desktop/Systems/Systems/goal-tracker/vendor/laravel/framework/src/Illuminate/Pipeline/Pipeline.php(219): Illuminate\\Http\\Middleware\\HandleCors->handle()
#39 /home/saleh/Desktop/Systems/Systems/goal-tracker/vendor/laravel/framework/src/Illuminate/Http/Middleware/TrustProxies.php(58): Illuminate\\Pipeline\\Pipeline->{closure:{closure:Illuminate\\Pipeline\\Pipeline::carry():194}:195}()
#40 /home/saleh/Desktop/Systems/Systems/goal-tracker/vendor/laravel/framework/src/Illuminate/Pipeline/Pipeline.php(219): Illuminate\\Http\\Middleware\\TrustProxies->handle()
#41 /home/saleh/Desktop/Systems/Systems/goal-tracker/vendor/laravel/framework/src/Illuminate/Foundation/Http/Middleware/InvokeDeferredCallbacks.php(22): Illuminate\\Pipeline\\Pipeline->{closure:{closure:Illuminate\\Pipeline\\Pipeline::carry():194}:195}()
#42 /home/saleh/Desktop/Systems/Systems/goal-tracker/vendor/laravel/framework/src/Illuminate/Pipeline/Pipeline.php(219): Illuminate\\Foundation\\Http\\Middleware\\InvokeDeferredCallbacks->handle()
#43 /home/saleh/Desktop/Systems/Systems/goal-tracker/vendor/laravel/framework/src/Illuminate/Http/Middleware/ValidatePathEncoding.php(28): Illuminate\\Pipeline\\Pipeline->{closure:{closure:Illuminate\\Pipeline\\Pipeline::carry():194}:195}()
#44 /home/saleh/Desktop/Systems/Systems/goal-tracker/vendor/laravel/framework/src/Illuminate/Pipeline/Pipeline.php(219): Illuminate\\Http\\Middleware\\ValidatePathEncoding->handle()
#45 /home/saleh/Desktop/Systems/Systems/goal-tracker/vendor/laravel/framework/src/Illuminate/Pipeline/Pipeline.php(137): Illuminate\\Pipeline\\Pipeline->{closure:{closure:Illuminate\\Pipeline\\Pipeline::carry():194}:195}()
#46 /home/saleh/Desktop/Systems/Systems/goal-tracker/vendor/laravel/framework/src/Illuminate/Foundation/Http/Kernel.php(175): Illuminate\\Pipeline\\Pipeline->then()
#47 /home/saleh/Desktop/Systems/Systems/goal-tracker/vendor/laravel/framework/src/Illuminate/Foundation/Http/Kernel.php(144): Illuminate\\Foundation\\Http\\Kernel->sendRequestThroughRouter()
#48 /home/saleh/Desktop/Systems/Systems/goal-tracker/vendor/laravel/framework/src/Illuminate/Foundation/Application.php(1227): Illuminate\\Foundation\\Http\\Kernel->handle()
#49 /home/saleh/Desktop/Systems/Systems/goal-tracker/public/index.php(17): Illuminate\\Foundation\\Application->handleRequest()
#50 /home/saleh/Desktop/Systems/Systems/goal-tracker/vendor/laravel/framework/src/Illuminate/Foundation/resources/server.php(23): require_once('...')
#51 {main}

[previous exception] [object] (Illuminate\\Database\\SQLiteDatabaseDoesNotExistException(code: 0): Database file at path [/home/saleh/Desktop/Systems/Systems/goal-tracker/database/database.sqlite] does not exist. Ensure this is an absolute path to the database. at /home/saleh/Desktop/Systems/Systems/goal-tracker/vendor/laravel/framework/src/Illuminate/Database/Connectors/SQLiteConnector.php:61)
[stacktrace]
#0 /home/saleh/Desktop/Systems/Systems/goal-tracker/vendor/laravel/framework/src/Illuminate/Database/Connectors/SQLiteConnector.php(19): Illuminate\\Database\\Connectors\\SQLiteConnector->parseDatabasePath()
#1 /home/saleh/Desktop/Systems/Systems/goal-tracker/vendor/laravel/framework/src/Illuminate/Database/Connectors/ConnectionFactory.php(259): Illuminate\\Database\\Connectors\\SQLiteConnector->connect()
#2 [internal function]: Illuminate\\Database\\Connectors\\ConnectionFactory->{closure:Illuminate\\Database\\Connectors\\ConnectionFactory::createPdoResolverWithoutHosts():259}()
#3 /home/saleh/Desktop/Systems/Systems/goal-tracker/vendor/laravel/framework/src/Illuminate/Database/Connection.php(1297): call_user_func()
#4 /home/saleh/Desktop/Systems/Systems/goal-tracker/vendor/laravel/framework/src/Illuminate/Database/Connection.php(542): Illuminate\\Database\\Connection->getPdo()
#5 /home/saleh/Desktop/Systems/Systems/goal-tracker/vendor/laravel/framework/src/Illuminate/Database/Connection.php(435): Illuminate\\Database\\Connection->getPdoForSelect()
#6 /home/saleh/Desktop/Systems/Systems/goal-tracker/vendor/laravel/framework/src/Illuminate/Database/Connection.php(846): Illuminate\\Database\\Connection->{closure:Illuminate\\Database\\Connection::select():426}()
#7 /home/saleh/Desktop/Systems/Systems/goal-tracker/vendor/laravel/framework/src/Illuminate/Database/Connection.php(813): Illuminate\\Database\\Connection->runQueryCallback()
#8 /home/saleh/Desktop/Systems/Systems/goal-tracker/vendor/laravel/framework/src/Illuminate/Database/Connection.php(426): Illuminate\\Database\\Connection->run()
#9 /home/saleh/Desktop/Systems/Systems/goal-tracker/vendor/laravel/framework/src/Illuminate/Database/Query/Builder.php(3573): Illuminate\\Database\\Connection->select()
#10 /home/saleh/Desktop/Systems/Systems/goal-tracker/vendor/laravel/framework/src/Illuminate/Database/Query/Builder.php(3557): Illuminate\\Database\\Query\\Builder->runSelect()
#11 /home/saleh/Desktop/Systems/Systems/goal-tracker/vendor/laravel/framework/src/Illuminate/Database/Concerns/BuildsQueries.php(366): Illuminate\\Database\\Query\\Builder->get()
#12 /home/saleh/Desktop/Systems/Systems/goal-tracker/vendor/laravel/framework/src/Illuminate/Database/Query/Builder.php(3475): Illuminate\\Database\\Query\\Builder->first()
#13 /home/saleh/Desktop/Systems/Systems/goal-tracker/vendor/laravel/framework/src/Illuminate/Session/DatabaseSessionHandler.php(96): Illuminate\\Database\\Query\\Builder->find()
#14 /home/saleh/Desktop/Systems/Systems/goal-tracker/vendor/laravel/framework/src/Illuminate/Session/Store.php(128): Illuminate\\Session\\DatabaseSessionHandler->read()
#15 /home/saleh/Desktop/Systems/Systems/goal-tracker/vendor/laravel/framework/src/Illuminate/Session/Store.php(116): Illuminate\\Session\\Store->readFromHandler()
#16 /home/saleh/Desktop/Systems/Systems/goal-tracker/vendor/laravel/framework/src/Illuminate/Session/Store.php(100): Illuminate\\Session\\Store->loadSession()
#17 /home/saleh/Desktop/Systems/Systems/goal-tracker/vendor/laravel/framework/src/Illuminate/Session/Middleware/StartSession.php(146): Illuminate\\Session\\Store->start()
#18 /home/saleh/Desktop/Systems/Systems/goal-tracker/vendor/laravel/framework/src/Illuminate/Support/helpers.php(393): Illuminate\\Session\\Middleware\\StartSession->{closure:Illuminate\\Session\\Middleware\\StartSession::startSession():143}()
#19 /home/saleh/Desktop/Systems/Systems/goal-tracker/vendor/laravel/framework/src/Illuminate/Session/Middleware/StartSession.php(143): tap()
#20 /home/saleh/Desktop/Systems/Systems/goal-tracker/vendor/laravel/framework/src/Illuminate/Session/Middleware/StartSession.php(115): Illuminate\\Session\\Middleware\\StartSession->startSession()
#21 /home/saleh/Desktop/Systems/Systems/goal-tracker/vendor/laravel/framework/src/Illuminate/Session/Middleware/StartSession.php(63): Illuminate\\Session\\Middleware\\StartSession->handleStatefulRequest()
#22 /home/saleh/Desktop/Systems/Systems/goal-tracker/vendor/laravel/framework/src/Illuminate/Pipeline/Pipeline.php(219): Illuminate\\Session\\Middleware\\StartSession->handle()
#23 /home/saleh/Desktop/Systems/Systems/goal-tracker/vendor/laravel/framework/src/Illuminate/Cookie/Middleware/AddQueuedCookiesToResponse.php(36): Illuminate\\Pipeline\\Pipeline->{closure:{closure:Illuminate\\Pipeline\\Pipeline::carry():194}:195}()
#24 /home/saleh/Desktop/Systems/Systems/goal-tracker/vendor/laravel/framework/src/Illuminate/Pipeline/Pipeline.php(219): Illuminate\\Cookie\\Middleware\\AddQueuedCookiesToResponse->handle()
#25 /home/saleh/Desktop/Systems/Systems/goal-tracker/vendor/laravel/framework/src/Illuminate/Cookie/Middleware/EncryptCookies.php(74): Illuminate\\Pipeline\\Pipeline->{closure:{closure:Illuminate\\Pipeline\\Pipeline::carry():194}:195}()
#26 /home/saleh/Desktop/Systems/Systems/goal-tracker/vendor/laravel/framework/src/Illuminate/Pipeline/Pipeline.php(219): Illuminate\\Cookie\\Middleware\\EncryptCookies->handle()
#27 /home/saleh/Desktop/Systems/Systems/goal-tracker/vendor/laravel/framework/src/Illuminate/Pipeline/Pipeline.php(137): Illuminate\\Pipeline\\Pipeline->{closure:{closure:Illuminate\\Pipeline\\Pipeline::carry():194}:195}()
#28 /home/saleh/Desktop/Systems/Systems/goal-tracker/vendor/laravel/framework/src/Illuminate/Routing/Router.php(821): Illuminate\\Pipeline\\Pipeline->then()
#29 /home/saleh/Desktop/Systems/Systems/goal-tracker/vendor/laravel/framework/src/Illuminate/Routing/Router.php(800): Illuminate\\Routing\\Router->runRouteWithinStack()
#30 /home/saleh/Desktop/Systems/Systems/goal-tracker/vendor/laravel/framework/src/Illuminate/Routing/Router.php(764): Illuminate\\Routing\\Router->runRoute()
#31 /home/saleh/Desktop/Systems/Systems/goal-tracker/vendor/laravel/framework/src/Illuminate/Routing/Router.php(753): Illuminate\\Routing\\Router->dispatchToRoute()
#32 /home/saleh/Desktop/Systems/Systems/goal-tracker/vendor/laravel/framework/src/Illuminate/Foundation/Http/Kernel.php(200): Illuminate\\Routing\\Router->dispatch()
#33 /home/saleh/Desktop/Systems/Systems/goal-tracker/vendor/laravel/framework/src/Illuminate/Pipeline/Pipeline.php(180): Illuminate\\Foundation\\Http\\Kernel->{closure:Illuminate\\Foundation\\Http\\Kernel::dispatchToRouter():197}()
#34 /home/saleh/Desktop/Systems/Systems/goal-tracker/vendor/laravel/framework/src/Illuminate/Foundation/Http/Middleware/TransformsRequest.php(21): Illuminate\\Pipeline\\Pipeline->{closure:Illuminate\\Pipeline\\Pipeline::prepareDestination():178}()
#35 /home/saleh/Desktop/Systems/Systems/goal-tracker/vendor/laravel/framework/src/Illuminate/Foundation/Http/Middleware/ConvertEmptyStringsToNull.php(31): Illuminate\\Foundation\\Http\\Middleware\\TransformsRequest->handle()
#36 /home/saleh/Desktop/Systems/Systems/goal-tracker/vendor/laravel/framework/src/Illuminate/Pipeline/Pipeline.php(219): Illuminate\\Foundation\\Http\\Middleware\\ConvertEmptyStringsToNull->handle()
#37 /home/saleh/Desktop/Systems/Systems/goal-tracker/vendor/laravel/framework/src/Illuminate/Foundation/Http/Middleware/TransformsRequest.php(21): Illuminate\\Pipeline\\Pipeline->{closure:{closure:Illuminate\\Pipeline\\Pipeline::carry():194}:195}()
#38 /home/saleh/Desktop/Systems/Systems/goal-tracker/vendor/laravel/framework/src/Illuminate/Foundation/Http/Middleware/TrimStrings.php(51): Illuminate\\Foundation\\Http\\Middleware\\TransformsRequest->handle()
#39 /home/saleh/Desktop/Systems/Systems/goal-tracker/vendor/laravel/framework/src/Illuminate/Pipeline/Pipeline.php(219): Illuminate\\Foundation\\Http\\Middleware\\TrimStrings->handle()
#40 /home/saleh/Desktop/Systems/Systems/goal-tracker/vendor/laravel/framework/src/Illuminate/Http/Middleware/ValidatePostSize.php(27): Illuminate\\Pipeline\\Pipeline->{closure:{closure:Illuminate\\Pipeline\\Pipeline::carry():194}:195}()
#41 /home/saleh/Desktop/Systems/Systems/goal-tracker/vendor/laravel/framework/src/Illuminate/Pipeline/Pipeline.php(219): Illuminate\\Http\\Middleware\\ValidatePostSize->handle()
#42 /home/saleh/Desktop/Systems/Systems/goal-tracker/vendor/laravel/framework/src/Illuminate/Foundation/Http/Middleware/PreventRequestsDuringMaintenance.php(110): Illuminate\\Pipeline\\Pipeline->{closure:{closure:Illuminate\\Pipeline\\Pipeline::carry():194}:195}()
#43 /home/saleh/Desktop/Systems/Systems/goal-tracker/vendor/laravel/framework/src/Illuminate/Pipeline/Pipeline.php(219): Illuminate\\Foundation\\Http\\Middleware\\PreventRequestsDuringMaintenance->handle()
#44 /home/saleh/Desktop/Systems/Systems/goal-tracker/vendor/laravel/framework/src/Illuminate/Http/Middleware/HandleCors.php(61): Illuminate\\Pipeline\\Pipeline->{closure:{closure:Illuminate\\Pipeline\\Pipeline::carry():194}:195}()
#45 /home/saleh/Desktop/Systems/Systems/goal-tracker/vendor/laravel/framework/src/Illuminate/Pipeline/Pipeline.php(219): Illuminate\\Http\\Middleware\\HandleCors->handle()
#46 /home/saleh/Desktop/Systems/Systems/goal-tracker/vendor/laravel/framework/src/Illuminate/Http/Middleware/TrustProxies.php(58): Illuminate\\Pipeline\\Pipeline->{closure:{closure:Illuminate\\Pipeline\\Pipeline::carry():194}:195}()
#47 /home/saleh/Desktop/Systems/Systems/goal-tracker/vendor/laravel/framework/src/Illuminate/Pipeline/Pipeline.php(219): Illuminate\\Http\\Middleware\\TrustProxies->handle()
#48 /home/saleh/Desktop/Systems/Systems/goal-tracker/vendor/laravel/framework/src/Illuminate/Foundation/Http/Middleware/InvokeDeferredCallbacks.php(22): Illuminate\\Pipeline\\Pipeline->{closure:{closure:Illuminate\\Pipeline\\Pipeline::carry():194}:195}()
#49 /home/saleh/Desktop/Systems/Systems/goal-tracker/vendor/laravel/framework/src/Illuminate/Pipeline/Pipeline.php(219): Illuminate\\Foundation\\Http\\Middleware\\InvokeDeferredCallbacks->handle()
#50 /home/saleh/Desktop/Systems/Systems/goal-tracker/vendor/laravel/framework/src/Illuminate/Http/Middleware/ValidatePathEncoding.php(28): Illuminate\\Pipeline\\Pipeline->{closure:{closure:Illuminate\\Pipeline\\Pipeline::carry():194}:195}()
#51 /home/saleh/Desktop/Systems/Systems/goal-tracker/vendor/laravel/framework/src/Illuminate/Pipeline/Pipeline.php(219): Illuminate\\Http\\Middleware\\ValidatePathEncoding->handle()
#52 /home/saleh/Desktop/Systems/Systems/goal-tracker/vendor/laravel/framework/src/Illuminate/Pipeline/Pipeline.php(137): Illuminate\\Pipeline\\Pipeline->{closure:{closure:Illuminate\\Pipeline\\Pipeline::carry():194}:195}()
#53 /home/saleh/Desktop/Systems/Systems/goal-tracker/vendor/laravel/framework/src/Illuminate/Foundation/Http/Kernel.php(175): Illuminate\\Pipeline\\Pipeline->then()
#54 /home/saleh/Desktop/Systems/Systems/goal-tracker/vendor/laravel/framework/src/Illuminate/Foundation/Http/Kernel.php(144): Illuminate\\Foundation\\Http\\Kernel->sendRequestThroughRouter()
#55 /home/saleh/Desktop/Systems/Systems/goal-tracker/vendor/laravel/framework/src/Illuminate/Foundation/Application.php(1227): Illuminate\\Foundation\\Http\\Kernel->handle()
#56 /home/saleh/Desktop/Systems/Systems/goal-tracker/public/index.php(17): Illuminate\\Foundation\\Application->handleRequest()
#57 /home/saleh/Desktop/Systems/Systems/goal-tracker/vendor/laravel/framework/src/Illuminate/Foundation/resources/server.php(23): require_once('...')
#58 {main}
"} 
[2026-08-14 20:15:12] local.ERROR: Method toDateImmutable does not exist. {"userId":1,"exception":"[object] (Carbon\\Exceptions\\UnknownMethodException(code: 0): Method toDateImmutable does not exist. at /home/saleh/Desktop/Systems/Systems/goal-tracker/vendor/nesbot/carbon/src/Carbon/Traits/Date.php:3014)
[stacktrace]
#0 /home/saleh/Desktop/Systems/Systems/goal-tracker/vendor/nesbot/carbon/src/Carbon/Traits/Mixin.php(218): Carbon\\Carbon->{closure:Carbon\\Traits\\Date::callMacroMethod():3001}()
#1 /home/saleh/Desktop/Systems/Systems/goal-tracker/vendor/nesbot/carbon/src/Carbon/Traits/Date.php(3001): Carbon\\Carbon::bindMacroContext()
#2 /home/saleh/Desktop/Systems/Systems/goal-tracker/vendor/nesbot/carbon/src/Carbon/Traits/Date.php(2655): Carbon\\Carbon->callMacroMethod()
#3 /home/saleh/Desktop/Systems/Systems/goal-tracker/app/Services/StreakService.php(21): Carbon\\Carbon->__call()
#4 /home/saleh/Desktop/Systems/Systems/goal-tracker/app/Services/GoalProgressService.php(23): App\\Services\\StreakService->completionRate()
#5 /home/saleh/Desktop/Systems/Systems/goal-tracker/app/Models/Goal.php(88): App\\Services\\GoalProgressService->calculate()
#6 /home/saleh/Desktop/Systems/Systems/goal-tracker/app/Services/DashboardService.php(29): App\\Models\\Goal->progress()
#7 /home/saleh/Desktop/Systems/Systems/goal-tracker/vendor/laravel/framework/src/Illuminate/Collections/Traits/EnumeratesValues.php(207): App\\Services\\DashboardService->{closure:App\\Services\\DashboardService::summary():29}()
#8 /home/saleh/Desktop/Systems/Systems/goal-tracker/vendor/laravel/framework/src/Illuminate/Collections/Traits/EnumeratesValues.php(848): Illuminate\\Support\\Collection::{closure:Illuminate\\Support\\Traits\\EnumeratesValues::avg():206}()
#9 /home/saleh/Desktop/Systems/Systems/goal-tracker/vendor/laravel/framework/src/Illuminate/Collections/Traits/EnumeratesValues.php(206): Illuminate\\Support\\Collection->reduce()
#10 /home/saleh/Desktop/Systems/Systems/goal-tracker/app/Services/DashboardService.php(29): Illuminate\\Support\\Collection->avg()
#11 /home/saleh/Desktop/Systems/Systems/goal-tracker/app/Http/Controllers/DashboardController.php(18): App\\Services\\DashboardService->summary()
#12 /home/saleh/Desktop/Systems/Systems/goal-tracker/vendor/laravel/framework/src/Illuminate/Routing/ControllerDispatcher.php(46): App\\Http\\Controllers\\DashboardController->__invoke()
#13 /home/saleh/Desktop/Systems/Systems/goal-tracker/vendor/laravel/framework/src/Illuminate/Routing/Route.php(276): Illuminate\\Routing\\ControllerDispatcher->dispatch()
#14 /home/saleh/Desktop/Systems/Systems/goal-tracker/vendor/laravel/framework/src/Illuminate/Routing/Route.php(216): Illuminate\\Routing\\Route->runController()
#15 /home/saleh/Desktop/Systems/Systems/goal-tracker/vendor/laravel/framework/src/Illuminate/Routing/Router.php(822): Illuminate\\Routing\\Route->run()
#16 /home/saleh/Desktop/Systems/Systems/goal-tracker/vendor/laravel/framework/src/Illuminate/Pipeline/Pipeline.php(180): Illuminate\\Routing\\Router->{closure:Illuminate\\Routing\\Router::runRouteWithinStack():821}()
#17 /home/saleh/Desktop/Systems/Systems/goal-tracker/vendor/laravel/framework/src/Illuminate/Routing/Middleware/SubstituteBindings.php(52): Illuminate\\Pipeline\\Pipeline->{closure:Illuminate\\Pipeline\\Pipeline::prepareDestination():178}()
#18 /home/saleh/Desktop/Systems/Systems/goal-tracker/vendor/laravel/framework/src/Illuminate/Pipeline/Pipeline.php(219): Illuminate\\Routing\\Middleware\\SubstituteBindings->handle()
#19 /home/saleh/Desktop/Systems/Systems/goal-tracker/vendor/laravel/framework/src/Illuminate/Auth/Middleware/Authenticate.php(63): Illuminate\\Pipeline\\Pipeline->{closure:{closure:Illuminate\\Pipeline\\Pipeline::carry():194}:195}()
#20 /home/saleh/Desktop/Systems/Systems/goal-tracker/vendor/laravel/framework/src/Illuminate/Pipeline/Pipeline.php(219): Illuminate\\Auth\\Middleware\\Authenticate->handle()
#21 /home/saleh/Desktop/Systems/Systems/goal-tracker/vendor/laravel/framework/src/Illuminate/Foundation/Http/Middleware/PreventRequestForgery.php(104): Illuminate\\Pipeline\\Pipeline->{closure:{closure:Illuminate\\Pipeline\\Pipeline::carry():194}:195}()
#22 /home/saleh/Desktop/Systems/Systems/goal-tracker/vendor/laravel/framework/src/Illuminate/Pipeline/Pipeline.php(219): Illuminate\\Foundation\\Http\\Middleware\\PreventRequestForgery->handle()
#23 /home/saleh/Desktop/Systems/Systems/goal-tracker/vendor/laravel/framework/src/Illuminate/View/Middleware/ShareErrorsFromSession.php(48): Illuminate\\Pipeline\\Pipeline->{closure:{closure:Illuminate\\Pipeline\\Pipeline::carry():194}:195}()
#24 /home/saleh/Desktop/Systems/Systems/goal-tracker/vendor/laravel/framework/src/Illuminate/Pipeline/Pipeline.php(219): Illuminate\\View\\Middleware\\ShareErrorsFromSession->handle()
#25 /home/saleh/Desktop/Systems/Systems/goal-tracker/vendor/laravel/framework/src/Illuminate/Session/Middleware/StartSession.php(120): Illuminate\\Pipeline\\Pipeline->{closure:{closure:Illuminate\\Pipeline\\Pipeline::carry():194}:195}()
#26 /home/saleh/Desktop/Systems/Systems/goal-tracker/vendor/laravel/framework/src/Illuminate/Session/Middleware/StartSession.php(63): Illuminate\\Session\\Middleware\\StartSession->handleStatefulRequest()
#27 /home/saleh/Desktop/Systems/Systems/goal-tracker/vendor/laravel/framework/src/Illuminate/Pipeline/Pipeline.php(219): Illuminate\\Session\\Middleware\\StartSession->handle()
#28 /home/saleh/Desktop/Systems/Systems/goal-tracker/vendor/laravel/framework/src/Illuminate/Cookie/Middleware/AddQueuedCookiesToResponse.php(36): Illuminate\\Pipeline\\Pipeline->{closure:{closure:Illuminate\\Pipeline\\Pipeline::carry():194}:195}()
#29 /home/saleh/Desktop/Systems/Systems/goal-tracker/vendor/laravel/framework/src/Illuminate/Pipeline/Pipeline.php(219): Illuminate\\Cookie\\Middleware\\AddQueuedCookiesToResponse->handle()
#30 /home/saleh/Desktop/Systems/Systems/goal-tracker/vendor/laravel/framework/src/Illuminate/Cookie/Middleware/EncryptCookies.php(74): Illuminate\\Pipeline\\Pipeline->{closure:{closure:Illuminate\\Pipeline\\Pipeline::carry():194}:195}()
#31 /home/saleh/Desktop/Systems/Systems/goal-tracker/vendor/laravel/framework/src/Illuminate/Pipeline/Pipeline.php(219): Illuminate\\Cookie\\Middleware\\EncryptCookies->handle()
#32 /home/saleh/Desktop/Systems/Systems/goal-tracker/vendor/laravel/framework/src/Illuminate/Pipeline/Pipeline.php(137): Illuminate\\Pipeline\\Pipeline->{closure:{closure:Illuminate\\Pipeline\\Pipeline::carry():194}:195}()
#33 /home/saleh/Desktop/Systems/Systems/goal-tracker/vendor/laravel/framework/src/Illuminate/Routing/Router.php(821): Illuminate\\Pipeline\\Pipeline->then()
#34 /home/saleh/Desktop/Systems/Systems/goal-tracker/vendor/laravel/framework/src/Illuminate/Routing/Router.php(800): Illuminate\\Routing\\Router->runRouteWithinStack()
#35 /home/saleh/Desktop/Systems/Systems/goal-tracker/vendor/laravel/framework/src/Illuminate/Routing/Router.php(764): Illuminate\\Routing\\Router->runRoute()
#36 /home/saleh/Desktop/Systems/Systems/goal-tracker/vendor/laravel/framework/src/Illuminate/Routing/Router.php(753): Illuminate\\Routing\\Router->dispatchToRoute()
#37 /home/saleh/Desktop/Systems/Systems/goal-tracker/vendor/laravel/framework/src/Illuminate/Foundation/Http/Kernel.php(200): Illuminate\\Routing\\Router->dispatch()
#38 /home/saleh/Desktop/Systems/Systems/goal-tracker/vendor/laravel/framework/src/Illuminate/Pipeline/Pipeline.php(180): Illuminate\\Foundation\\Http\\Kernel->{closure:Illuminate\\Foundation\\Http\\Kernel::dispatchToRouter():197}()
#39 /home/saleh/Desktop/Systems/Systems/goal-tracker/vendor/laravel/framework/src/Illuminate/Foundation/Http/Middleware/TransformsRequest.php(21): Illuminate\\Pipeline\\Pipeline->{closure:Illuminate\\Pipeline\\Pipeline::prepareDestination():178}()
#40 /home/saleh/Desktop/Systems/Systems/goal-tracker/vendor/laravel/framework/src/Illuminate/Foundation/Http/Middleware/ConvertEmptyStringsToNull.php(31): Illuminate\\Foundation\\Http\\Middleware\\TransformsRequest->handle()
#41 /home/saleh/Desktop/Systems/Systems/goal-tracker/vendor/laravel/framework/src/Illuminate/Pipeline/Pipeline.php(219): Illuminate\\Foundation\\Http\\Middleware\\ConvertEmptyStringsToNull->handle()
#42 /home/saleh/Desktop/Systems/Systems/goal-tracker/vendor/laravel/framework/src/Illuminate/Foundation/Http/Middleware/TransformsRequest.php(21): Illuminate\\Pipeline\\Pipeline->{closure:{closure:Illuminate\\Pipeline\\Pipeline::carry():194}:195}()
#43 /home/saleh/Desktop/Systems/Systems/goal-tracker/vendor/laravel/framework/src/Illuminate/Foundation/Http/Middleware/TrimStrings.php(51): Illuminate\\Foundation\\Http\\Middleware\\TransformsRequest->handle()
#44 /home/saleh/Desktop/Systems/Systems/goal-tracker/vendor/laravel/framework/src/Illuminate/Pipeline/Pipeline.php(219): Illuminate\\Foundation\\Http\\Middleware\\TrimStrings->handle()
#45 /home/saleh/Desktop/Systems/Systems/goal-tracker/vendor/laravel/framework/src/Illuminate/Http/Middleware/ValidatePostSize.php(27): Illuminate\\Pipeline\\Pipeline->{closure:{closure:Illuminate\\Pipeline\\Pipeline::carry():194}:195}()
#46 /home/saleh/Desktop/Systems/Systems/goal-tracker/vendor/laravel/framework/src/Illuminate/Pipeline/Pipeline.php(219): Illuminate\\Http\\Middleware\\ValidatePostSize->handle()
#47 /home/saleh/Desktop/Systems/Systems/goal-tracker/vendor/laravel/framework/src/Illuminate/Foundation/Http/Middleware/PreventRequestsDuringMaintenance.php(110): Illuminate\\Pipeline\\Pipeline->{closure:{closure:Illuminate\\Pipeline\\Pipeline::carry():194}:195}()
#48 /home/saleh/Desktop/Systems/Systems/goal-tracker/vendor/laravel/framework/src/Illuminate/Pipeline/Pipeline.php(219): Illuminate\\Foundation\\Http\\Middleware\\PreventRequestsDuringMaintenance->handle()
#49 /home/saleh/Desktop/Systems/Systems/goal-tracker/vendor/laravel/framework/src/Illuminate/Http/Middleware/HandleCors.php(61): Illuminate\\Pipeline\\Pipeline->{closure:{closure:Illuminate\\Pipeline\\Pipeline::carry():194}:195}()
#50 /home/saleh/Desktop/Systems/Systems/goal-tracker/vendor/laravel/framework/src/Illuminate/Pipeline/Pipeline.php(219): Illuminate\\Http\\Middleware\\HandleCors->handle()
#51 /home/saleh/Desktop/Systems/Systems/goal-tracker/vendor/laravel/framework/src/Illuminate/Http/Middleware/TrustProxies.php(58): Illuminate\\Pipeline\\Pipeline->{closure:{closure:Illuminate\\Pipeline\\Pipeline::carry():194}:195}()
#52 /home/saleh/Desktop/Systems/Systems/goal-tracker/vendor/laravel/framework/src/Illuminate/Pipeline/Pipeline.php(219): Illuminate\\Http\\Middleware\\TrustProxies->handle()
#53 /home/saleh/Desktop/Systems/Systems/goal-tracker/vendor/laravel/framework/src/Illuminate/Foundation/Http/Middleware/InvokeDeferredCallbacks.php(22): Illuminate\\Pipeline\\Pipeline->{closure:{closure:Illuminate\\Pipeline\\Pipeline::carry():194}:195}()
#54 /home/saleh/Desktop/Systems/Systems/goal-tracker/vendor/laravel/framework/src/Illuminate/Pipeline/Pipeline.php(219): Illuminate\\Foundation\\Http\\Middleware\\InvokeDeferredCallbacks->handle()
#55 /home/saleh/Desktop/Systems/Systems/goal-tracker/vendor/laravel/framework/src/Illuminate/Http/Middleware/ValidatePathEncoding.php(28): Illuminate\\Pipeline\\Pipeline->{closure:{closure:Illuminate\\Pipeline\\Pipeline::carry():194}:195}()
#56 /home/saleh/Desktop/Systems/Systems/goal-tracker/vendor/laravel/framework/src/Illuminate/Pipeline/Pipeline.php(219): Illuminate\\Http\\Middleware\\ValidatePathEncoding->handle()
#57 /home/saleh/Desktop/Systems/Systems/goal-tracker/vendor/laravel/framework/src/Illuminate/Pipeline/Pipeline.php(137): Illuminate\\Pipeline\\Pipeline->{closure:{closure:Illuminate\\Pipeline\\Pipeline::carry():194}:195}()
#58 /home/saleh/Desktop/Systems/Systems/goal-tracker/vendor/laravel/framework/src/Illuminate/Foundation/Http/Kernel.php(175): Illuminate\\Pipeline\\Pipeline->then()
#59 /home/saleh/Desktop/Systems/Systems/goal-tracker/vendor/laravel/framework/src/Illuminate/Foundation/Http/Kernel.php(144): Illuminate\\Foundation\\Http\\Kernel->sendRequestThroughRouter()
#60 /home/saleh/Desktop/Systems/Systems/goal-tracker/vendor/laravel/framework/src/Illuminate/Foundation/Application.php(1227): Illuminate\\Foundation\\Http\\Kernel->handle()
#61 /home/saleh/Desktop/Systems/Systems/goal-tracker/public/index.php(17): Illuminate\\Foundation\\Application->handleRequest()
#62 /home/saleh/Desktop/Systems/Systems/goal-tracker/vendor/laravel/framework/src/Illuminate/Foundation/resources/server.php(23): require_once('...')
#63 {main}
"} 
[2026-08-14 20:15:13] local.ERROR: Method toDateImmutable does not exist. {"userId":1,"exception":"[object] (Carbon\\Exceptions\\UnknownMethodException(code: 0): Method toDateImmutable does not exist. at /home/saleh/Desktop/Systems/Systems/goal-tracker/vendor/nesbot/carbon/src/Carbon/Traits/Date.php:3014)
[stacktrace]
#0 /home/saleh/Desktop/Systems/Systems/goal-tracker/vendor/nesbot/carbon/src/Carbon/Traits/Mixin.php(218): Carbon\\Carbon->{closure:Carbon\\Traits\\Date::callMacroMethod():3001}()
#1 /home/saleh/Desktop/Systems/Systems/goal-tracker/vendor/nesbot/carbon/src/Carbon/Traits/Date.php(3001): Carbon\\Carbon::bindMacroContext()
#2 /home/saleh/Desktop/Systems/Systems/goal-tracker/vendor/nesbot/carbon/src/Carbon/Traits/Date.php(2655): Carbon\\Carbon->callMacroMethod()
#3 /home/saleh/Desktop/Systems/Systems/goal-tracker/app/Services/StreakService.php(21): Carbon\\Carbon->__call()
#4 /home/saleh/Desktop/Systems/Systems/goal-tracker/app/Services/GoalProgressService.php(23): App\\Services\\StreakService->completionRate()
#5 /home/saleh/Desktop/Systems/Systems/goal-tracker/app/Models/Goal.php(88): App\\Services\\GoalProgressService->calculate()
#6 /home/saleh/Desktop/Systems/Systems/goal-tracker/app/Services/DashboardService.php(29): App\\Models\\Goal->progress()
#7 /home/saleh/Desktop/Systems/Systems/goal-tracker/vendor/laravel/framework/src/Illuminate/Collections/Traits/EnumeratesValues.php(207): App\\Services\\DashboardService->{closure:App\\Services\\DashboardService::summary():29}()
#8 /home/saleh/Desktop/Systems/Systems/goal-tracker/vendor/laravel/framework/src/Illuminate/Collections/Traits/EnumeratesValues.php(848): Illuminate\\Support\\Collection::{closure:Illuminate\\Support\\Traits\\EnumeratesValues::avg():206}()
#9 /home/saleh/Desktop/Systems/Systems/goal-tracker/vendor/laravel/framework/src/Illuminate/Collections/Traits/EnumeratesValues.php(206): Illuminate\\Support\\Collection->reduce()
#10 /home/saleh/Desktop/Systems/Systems/goal-tracker/app/Services/DashboardService.php(29): Illuminate\\Support\\Collection->avg()
#11 /home/saleh/Desktop/Systems/Systems/goal-tracker/app/Http/Controllers/DashboardController.php(18): App\\Services\\DashboardService->summary()
#12 /home/saleh/Desktop/Systems/Systems/goal-tracker/vendor/laravel/framework/src/Illuminate/Routing/ControllerDispatcher.php(46): App\\Http\\Controllers\\DashboardController->__invoke()
#13 /home/saleh/Desktop/Systems/Systems/goal-tracker/vendor/laravel/framework/src/Illuminate/Routing/Route.php(276): Illuminate\\Routing\\ControllerDispatcher->dispatch()
#14 /home/saleh/Desktop/Systems/Systems/goal-tracker/vendor/laravel/framework/src/Illuminate/Routing/Route.php(216): Illuminate\\Routing\\Route->runController()
#15 /home/saleh/Desktop/Systems/Systems/goal-tracker/vendor/laravel/framework/src/Illuminate/Routing/Router.php(822): Illuminate\\Routing\\Route->run()
#16 /home/saleh/Desktop/Systems/Systems/goal-tracker/vendor/laravel/framework/src/Illuminate/Pipeline/Pipeline.php(180): Illuminate\\Routing\\Router->{closure:Illuminate\\Routing\\Router::runRouteWithinStack():821}()
#17 /home/saleh/Desktop/Systems/Systems/goal-tracker/vendor/laravel/framework/src/Illuminate/Routing/Middleware/SubstituteBindings.php(52): Illuminate\\Pipeline\\Pipeline->{closure:Illuminate\\Pipeline\\Pipeline::prepareDestination():178}()
#18 /home/saleh/Desktop/Systems/Systems/goal-tracker/vendor/laravel/framework/src/Illuminate/Pipeline/Pipeline.php(219): Illuminate\\Routing\\Middleware\\SubstituteBindings->handle()
#19 /home/saleh/Desktop/Systems/Systems/goal-tracker/vendor/laravel/framework/src/Illuminate/Auth/Middleware/Authenticate.php(63): Illuminate\\Pipeline\\Pipeline->{closure:{closure:Illuminate\\Pipeline\\Pipeline::carry():194}:195}()
#20 /home/saleh/Desktop/Systems/Systems/goal-tracker/vendor/laravel/framework/src/Illuminate/Pipeline/Pipeline.php(219): Illuminate\\Auth\\Middleware\\Authenticate->handle()
#21 /home/saleh/Desktop/Systems/Systems/goal-tracker/vendor/laravel/framework/src/Illuminate/Foundation/Http/Middleware/PreventRequestForgery.php(104): Illuminate\\Pipeline\\Pipeline->{closure:{closure:Illuminate\\Pipeline\\Pipeline::carry():194}:195}()
#22 /home/saleh/Desktop/Systems/Systems/goal-tracker/vendor/laravel/framework/src/Illuminate/Pipeline/Pipeline.php(219): Illuminate\\Foundation\\Http\\Middleware\\PreventRequestForgery->handle()
#23 /home/saleh/Desktop/Systems/Systems/goal-tracker/vendor/laravel/framework/src/Illuminate/View/Middleware/ShareErrorsFromSession.php(48): Illuminate\\Pipeline\\Pipeline->{closure:{closure:Illuminate\\Pipeline\\Pipeline::carry():194}:195}()
#24 /home/saleh/Desktop/Systems/Systems/goal-tracker/vendor/laravel/framework/src/Illuminate/Pipeline/Pipeline.php(219): Illuminate\\View\\Middleware\\ShareErrorsFromSession->handle()
#25 /home/saleh/Desktop/Systems/Systems/goal-tracker/vendor/laravel/framework/src/Illuminate/Session/Middleware/StartSession.php(120): Illuminate\\Pipeline\\Pipeline->{closure:{closure:Illuminate\\Pipeline\\Pipeline::carry():194}:195}()
#26 /home/saleh/Desktop/Systems/Systems/goal-tracker/vendor/laravel/framework/src/Illuminate/Session/Middleware/StartSession.php(63): Illuminate\\Session\\Middleware\\StartSession->handleStatefulRequest()
#27 /home/saleh/Desktop/Systems/Systems/goal-tracker/vendor/laravel/framework/src/Illuminate/Pipeline/Pipeline.php(219): Illuminate\\Session\\Middleware\\StartSession->handle()
#28 /home/saleh/Desktop/Systems/Systems/goal-tracker/vendor/laravel/framework/src/Illuminate/Cookie/Middleware/AddQueuedCookiesToResponse.php(36): Illuminate\\Pipeline\\Pipeline->{closure:{closure:Illuminate\\Pipeline\\Pipeline::carry():194}:195}()
#29 /home/saleh/Desktop/Systems/Systems/goal-tracker/vendor/laravel/framework/src/Illuminate/Pipeline/Pipeline.php(219): Illuminate\\Cookie\\Middleware\\AddQueuedCookiesToResponse->handle()
#30 /home/saleh/Desktop/Systems/Systems/goal-tracker/vendor/laravel/framework/src/Illuminate/Cookie/Middleware/EncryptCookies.php(74): Illuminate\\Pipeline\\Pipeline->{closure:{closure:Illuminate\\Pipeline\\Pipeline::carry():194}:195}()
#31 /home/saleh/Desktop/Systems/Systems/goal-tracker/vendor/laravel/framework/src/Illuminate/Pipeline/Pipeline.php(219): Illuminate\\Cookie\\Middleware\\EncryptCookies->handle()
#32 /home/saleh/Desktop/Systems/Systems/goal-tracker/vendor/laravel/framework/src/Illuminate/Pipeline/Pipeline.php(137): Illuminate\\Pipeline\\Pipeline->{closure:{closure:Illuminate\\Pipeline\\Pipeline::carry():194}:195}()
#33 /home/saleh/Desktop/Systems/Systems/goal-tracker/vendor/laravel/framework/src/Illuminate/Routing/Router.php(821): Illuminate\\Pipeline\\Pipeline->then()
#34 /home/saleh/Desktop/Systems/Systems/goal-tracker/vendor/laravel/framework/src/Illuminate/Routing/Router.php(800): Illuminate\\Routing\\Router->runRouteWithinStack()
#35 /home/saleh/Desktop/Systems/Systems/goal-tracker/vendor/laravel/framework/src/Illuminate/Routing/Router.php(764): Illuminate\\Routing\\Router->runRoute()
#36 /home/saleh/Desktop/Systems/Systems/goal-tracker/vendor/laravel/framework/src/Illuminate/Routing/Router.php(753): Illuminate\\Routing\\Router->dispatchToRoute()
#37 /home/saleh/Desktop/Systems/Systems/goal-tracker/vendor/laravel/framework/src/Illuminate/Foundation/Http/Kernel.php(200): Illuminate\\Routing\\Router->dispatch()
#38 /home/saleh/Desktop/Systems/Systems/goal-tracker/vendor/laravel/framework/src/Illuminate/Pipeline/Pipeline.php(180): Illuminate\\Foundation\\Http\\Kernel->{closure:Illuminate\\Foundation\\Http\\Kernel::dispatchToRouter():197}()
#39 /home/saleh/Desktop/Systems/Systems/goal-tracker/vendor/laravel/framework/src/Illuminate/Foundation/Http/Middleware/TransformsRequest.php(21): Illuminate\\Pipeline\\Pipeline->{closure:Illuminate\\Pipeline\\Pipeline::prepareDestination():178}()
#40 /home/saleh/Desktop/Systems/Systems/goal-tracker/vendor/laravel/framework/src/Illuminate/Foundation/Http/Middleware/ConvertEmptyStringsToNull.php(31): Illuminate\\Foundation\\Http\\Middleware\\TransformsRequest->handle()
#41 /home/saleh/Desktop/Systems/Systems/goal-tracker/vendor/laravel/framework/src/Illuminate/Pipeline/Pipeline.php(219): Illuminate\\Foundation\\Http\\Middleware\\ConvertEmptyStringsToNull->handle()
#42 /home/saleh/Desktop/Systems/Systems/goal-tracker/vendor/laravel/framework/src/Illuminate/Foundation/Http/Middleware/TransformsRequest.php(21): Illuminate\\Pipeline\\Pipeline->{closure:{closure:Illuminate\\Pipeline\\Pipeline::carry():194}:195}()
#43 /home/saleh/Desktop/Systems/Systems/goal-tracker/vendor/laravel/framework/src/Illuminate/Foundation/Http/Middleware/TrimStrings.php(51): Illuminate\\Foundation\\Http\\Middleware\\TransformsRequest->handle()
#44 /home/saleh/Desktop/Systems/Systems/goal-tracker/vendor/laravel/framework/src/Illuminate/Pipeline/Pipeline.php(219): Illuminate\\Foundation\\Http\\Middleware\\TrimStrings->handle()
#45 /home/saleh/Desktop/Systems/Systems/goal-tracker/vendor/laravel/framework/src/Illuminate/Http/Middleware/ValidatePostSize.php(27): Illuminate\\Pipeline\\Pipeline->{closure:{closure:Illuminate\\Pipeline\\Pipeline::carry():194}:195}()
#46 /home/saleh/Desktop/Systems/Systems/goal-tracker/vendor/laravel/framework/src/Illuminate/Pipeline/Pipeline.php(219): Illuminate\\Http\\Middleware\\ValidatePostSize->handle()
#47 /home/saleh/Desktop/Systems/Systems/goal-tracker/vendor/laravel/framework/src/Illuminate/Foundation/Http/Middleware/PreventRequestsDuringMaintenance.php(110): Illuminate\\Pipeline\\Pipeline->{closure:{closure:Illuminate\\Pipeline\\Pipeline::carry():194}:195}()
#48 /home/saleh/Desktop/Systems/Systems/goal-tracker/vendor/laravel/framework/src/Illuminate/Pipeline/Pipeline.php(219): Illuminate\\Foundation\\Http\\Middleware\\PreventRequestsDuringMaintenance->handle()
#49 /home/saleh/Desktop/Systems/Systems/goal-tracker/vendor/laravel/framework/src/Illuminate/Http/Middleware/HandleCors.php(61): Illuminate\\Pipeline\\Pipeline->{closure:{closure:Illuminate\\Pipeline\\Pipeline::carry():194}:195}()
#50 /home/saleh/Desktop/Systems/Systems/goal-tracker/vendor/laravel/framework/src/Illuminate/Pipeline/Pipeline.php(219): Illuminate\\Http\\Middleware\\HandleCors->handle()
#51 /home/saleh/Desktop/Systems/Systems/goal-tracker/vendor/laravel/framework/src/Illuminate/Http/Middleware/TrustProxies.php(58): Illuminate\\Pipeline\\Pipeline->{closure:{closure:Illuminate\\Pipeline\\Pipeline::carry():194}:195}()
#52 /home/saleh/Desktop/Systems/Systems/goal-tracker/vendor/laravel/framework/src/Illuminate/Pipeline/Pipeline.php(219): Illuminate\\Http\\Middleware\\TrustProxies->handle()
#53 /home/saleh/Desktop/Systems/Systems/goal-tracker/vendor/laravel/framework/src/Illuminate/Foundation/Http/Middleware/InvokeDeferredCallbacks.php(22): Illuminate\\Pipeline\\Pipeline->{closure:{closure:Illuminate\\Pipeline\\Pipeline::carry():194}:195}()
#54 /home/saleh/Desktop/Systems/Systems/goal-tracker/vendor/laravel/framework/src/Illuminate/Pipeline/Pipeline.php(219): Illuminate\\Foundation\\Http\\Middleware\\InvokeDeferredCallbacks->handle()
#55 /home/saleh/Desktop/Systems/Systems/goal-tracker/vendor/laravel/framework/src/Illuminate/Http/Middleware/ValidatePathEncoding.php(28): Illuminate\\Pipeline\\Pipeline->{closure:{closure:Illuminate\\Pipeline\\Pipeline::carry():194}:195}()
#56 /home/saleh/Desktop/Systems/Systems/goal-tracker/vendor/laravel/framework/src/Illuminate/Pipeline/Pipeline.php(219): Illuminate\\Http\\Middleware\\ValidatePathEncoding->handle()
#57 /home/saleh/Desktop/Systems/Systems/goal-tracker/vendor/laravel/framework/src/Illuminate/Pipeline/Pipeline.php(137): Illuminate\\Pipeline\\Pipeline->{closure:{closure:Illuminate\\Pipeline\\Pipeline::carry():194}:195}()
#58 /home/saleh/Desktop/Systems/Systems/goal-tracker/vendor/laravel/framework/src/Illuminate/Foundation/Http/Kernel.php(175): Illuminate\\Pipeline\\Pipeline->then()
#59 /home/saleh/Desktop/Systems/Systems/goal-tracker/vendor/laravel/framework/src/Illuminate/Foundation/Http/Kernel.php(144): Illuminate\\Foundation\\Http\\Kernel->sendRequestThroughRouter()
#60 /home/saleh/Desktop/Systems/Systems/goal-tracker/vendor/laravel/framework/src/Illuminate/Foundation/Application.php(1227): Illuminate\\Foundation\\Http\\Kernel->handle()
#61 /home/saleh/Desktop/Systems/Systems/goal-tracker/public/index.php(17): Illuminate\\Foundation\\Application->handleRequest()
#62 /home/saleh/Desktop/Systems/Systems/goal-tracker/vendor/laravel/framework/src/Illuminate/Foundation/resources/server.php(23): require_once('...')
#63 {main}
"} 
